// Jest Snapshot v1, https://goo.gl/fbAQLP

exports[`<NavBar /> tests> should display propertly 1`] = `
<nav
  className="px-4 pl-4 navbar navbar-expand-sm navbar-dark bg-dark"
>
  <a
    className="navbar-brand"
    href="/"
    onClick={[Function]}
  >
    Asociaciones
  </a>
  <div
    className="navbar-collapse"
  >
    <div
      className="navbar-nav"
    >
      <a
        className="nav-item nav-link "
        href="/marvel"
        onClick={[Function]}
      >
        Marvel
      </a>
      <a
        className="nav-item nav-link "
        href="/dc"
        onClick={[Function]}
      >
        DC
      </a>
      <a
        className="nav-item nav-link "
        href="/search"
        onClick={[Function]}
      >
        Search
      </a>
    </div>
  </div>
  <div
    className="order-3 navbar-collapse collapse w-100 dual-collapse2 d-flex justify-content-end"
  >
    <ul
      className="ml-auto navbar-nav"
    >
      <span
        className="nav-item nav-link text-info"
      >
        Pedro
      </span>
      <button
        className="nav-item nav-link btn"
        id="logout"
        onClick={[Function]}
      >
        Logout
      </button>
    </ul>
  </div>
</nav>
`;
