// Jest Snapshot v1, https://goo.gl/fbAQLP

exports[`<SearchPage /> tests should display an error if do not find a hero 1`] = `
<div>
  <h1>
    Search page
  </h1>
  <hr />
  <div
    className="row"
  >
    <div
      className="col-5"
    >
      <h4>
        Buscar
      </h4>
      <hr />
      <form
        onSubmit={[Function]}
      >
        <input
          autoComplete="off"
          className="form-control"
          name="searchText"
          onChange={[Function]}
          placeholder="Search for a hero"
          type="text"
          value="batman123"
        />
        <button
          className="btn brn-outline mt-1"
          onClick={[Function]}
          type="submit"
        >
          Search...
        </button>
      </form>
    </div>
    <div
      className="col-7"
    >
      <h4>
        Results
      </h4>
      <hr />
      <div
        className="alert alert-danger animate__fadeIn animate__animated"
        id="error"
      >
        No results for "
        batman123
        "
      </div>
    </div>
  </div>
</div>
`;

exports[`<SearchPage /> tests should display batman card and the input with the queryString 1`] = `
<div>
  <h1>
    Search page
  </h1>
  <hr />
  <div
    className="row"
  >
    <div
      className="col-5"
    >
      <h4>
        Buscar
      </h4>
      <hr />
      <form
        onSubmit={[Function]}
      >
        <input
          autoComplete="off"
          className="form-control"
          name="searchText"
          onChange={[Function]}
          placeholder="Search for a hero"
          type="text"
          value="batman"
        />
        <button
          className="btn brn-outline mt-1"
          onClick={[Function]}
          type="submit"
        >
          Search...
        </button>
      </form>
    </div>
    <div
      className="col-7"
    >
      <h4>
        Results
      </h4>
      <hr />
      <a
        className="my-card"
        href="/dc/hero/dc-batman"
        onClick={[Function]}
      >
        <img
          alt="Batman"
          className="img img-responsive"
          src="./assets/heroes/dc-batman.jpg"
        />
        <div
          className="profile-name"
        >
          Batman
        </div>
        <div
          className="profile-position"
        >
          Bruce Wayne
        </div>
        <div
          className="profile-overview"
        >
          <div
            className="profile-overview"
          >
            <div
              className="row"
            >
              <div
                className="col-ms-4"
              >
                <h3>
                  DC Comics
                </h3>
                <p>
                  Primera aparici√≥n: 
                  <br />
                  Detective Comics #27
                </p>
              </div>
            </div>
          </div>
        </div>
      </a>
    </div>
  </div>
</div>
`;
